// Jest Snapshot v1, https://goo.gl/fbAQLP

exports[`JobForm snapshot +++ render the JobForm component 1`] = `
<Connect(Form(JobForm))
  destroyOnUnmount={true}
  enableReinitialize={false}
  forceUnregisterOnUnmount={false}
  form="jobForm"
  getFormState={[Function]}
  keepDirtyOnReinitialize={false}
  persistentSubmitErrors={false}
  pure={true}
  shouldAsyncValidate={[Function]}
  shouldError={[Function]}
  shouldValidate={[Function]}
  shouldWarn={[Function]}
  touchOnBlur={true}
  touchOnChange={false}
  updateUnregisteredFields={false}
  validate={[Function]}
/>
`;
